 			            M1 MACRO IMM
				            OR WORD PTR DS:[BX+DI+1], IMM
				        ENDM

				        M2 MACRO
				            ROL AX, 1
				            ROL BL, 1
				        ENDM

 0000				    DATA SEGMENT
 0000  13			   	    V1  DB  10011B
 0001  54 65 73 74	    	S1  DB  "Test"
 0005  11D7			        V2  DW  4567
 0007  F8631800			    V3  DD  1598456
 000B				    DATA ENDS

 0000				    CODE SEGMENT
 0000				    LB1:
 0000  A5			        MOVSW
 0001  8B D8			    MOV BX, AX
 0003  8A C1			    MOV AL, CL
				    M2
 0005  D1 C0      	  1	  ROL AX, 1
 0007  D0 C3          1	  ROL BL, 1
 0009  3A 01			    CMP AL, DS:[BX+DI]
 000B  3B 4A 07			    CMP CX, [BP+SI+7]
 000E  36: 3A 18		    CMP BL, BYTE PTR SS:[BX+SI]
 0011  3E: 38 4A 07		   	CMP DS:[BP+SI+7], CL
 0015  26: 39 41 08		   	CMP ES:[BX+DI+8], AX
 0019  76 00			    JNA LB2
 001B				    LB2:
				      M1  645
 001B  81 49 01 0285    1	  OR WORD PTR DS:[BX+DI+1], 645
 0020  81 4B 05 0806		OR  WORD PTR [BP+DI+5], 2054
 0025  3E: 80 0A 1B		   	OR  BYTE PTR DS:[BP+SI], 11011B
 0029  76 D5			    JNA LB1
 002B  8F 43 08			    POP [BP+DI+8]
 002E				    CODE ENDS
				        END

Macros:

		N a m e			Lines

M1 . . . . . . . . . . . . . . .  	   1
M2 . . . . . . . . . . . . . . .  	   2

Segments and Groups:

                N a m e         	Length	 Align	Combine Class

CODE . . . . . . . . . . . . . .  	002E	PARA	NONE
DATA . . . . . . . . . . . . . .  	000B	PARA	NONE

Symbols:

                N a m e         	Type	 Value	 Attr

LB1  . . . . . . . . . . . . . .  	L NEAR	0000	CODE
LB2  . . . . . . . . . . . . . .  	L NEAR	001B	CODE

S1 . . . . . . . . . . . . . . .  	L BYTE	0001	DATA

V1 . . . . . . . . . . . . . . .  	L BYTE	0000	DATA
V2 . . . . . . . . . . . . . . .  	L WORD	0005	DATA
V3 . . . . . . . . . . . . . . .  	L DWORD	0007	DATA

@FILENAME  . . . . . . . . . . .  	TEXT  testp


     38 Source  Lines
     41 Total   Lines
     12 Symbols

  50944 + 465600 Bytes symbol space free

      0 Warning Errors
      0 Severe  Errors
